// Jest Snapshot v1, https://goo.gl/fbAQLP

exports[`LoginPage LoginPage should render correctly 1`] = `
<Fragment>
  <main
    className="flex-item-1 center-content"
  >
    <LoginForm />
  </main>
  <aside
    className="flex-item-2 center-content right-card-1 blue-bg"
  >
    <h3
      className="card-label"
    >
      To-do List
    </h3>
  </aside>
</Fragment>
`;
